Traceback (most recent call last):
  File "C:\Users\Miguel\anaconda3\envs\econ5129_labs\Lib\site-packages\jupyter_cache\executors\utils.py", line 58, in single_nb_execution
    executenb(
  File "C:\Users\Miguel\anaconda3\envs\econ5129_labs\Lib\site-packages\nbclient\client.py", line 1319, in execute
    return NotebookClient(nb=nb, resources=resources, km=km, **kwargs).execute()
           ^^^^^^^^^^^^^^^^^^^^^^^^^^^^^^^^^^^^^^^^^^^^^^^^^^^^^^^^^^^^^^^^^^^^^
  File "C:\Users\Miguel\anaconda3\envs\econ5129_labs\Lib\site-packages\jupyter_core\utils\__init__.py", line 165, in wrapped
    return loop.run_until_complete(inner)
           ^^^^^^^^^^^^^^^^^^^^^^^^^^^^^^
  File "C:\Users\Miguel\anaconda3\envs\econ5129_labs\Lib\asyncio\base_events.py", line 654, in run_until_complete
    return future.result()
           ^^^^^^^^^^^^^^^
  File "C:\Users\Miguel\anaconda3\envs\econ5129_labs\Lib\site-packages\nbclient\client.py", line 709, in async_execute
    await self.async_execute_cell(
  File "C:\Users\Miguel\anaconda3\envs\econ5129_labs\Lib\site-packages\nbclient\client.py", line 1062, in async_execute_cell
    await self._check_raise_for_error(cell, cell_index, exec_reply)
  File "C:\Users\Miguel\anaconda3\envs\econ5129_labs\Lib\site-packages\nbclient\client.py", line 918, in _check_raise_for_error
    raise CellExecutionError.from_cell_and_msg(cell, exec_reply_content)
nbclient.exceptions.CellExecutionError: An error occurred while executing the following cell:
------------------
#! pip install geopandas geoplot
import geopandas as gpd
import geoplot as gplt
import geoplot.crs as gcrs
import mapclassify as mc
' Plot Two Geopandas Plots Side by Side '
# defining a simple plot function, input list containing features of names found in dataframe
def plotTwo(df,lst):
    
    # load california from module, common for all plots
    cali = gpd.read_file(gplt.datasets.get_path('california_congressional_districts'))
    cali = cali.assign(area=cali.geometry.area)
    
    # Create a geopandas geometry feature; input dataframe should contain .longtitude, .latitude
    gdf = gpd.GeoDataFrame(df,geometry=gpd.points_from_xy(df.Longitude,df.Latitude))
    proj=gcrs.AlbersEqualArea(central_latitude=37.16611, central_longitude=-119.44944) # related to view

    ii=-1
    fig,ax = plt.subplots(1,2,figsize=(21,6),subplot_kw={'projection': proj})
    for i in lst:

        ii+=1
        tgdf = gdf.sort_values(by=i,ascending=True) 
        gplt.polyplot(cali,projection=proj,ax=ax[ii]) # the module already has california 
        gplt.pointplot(tgdf,ax=ax[ii],hue=i,cmap='plasma',legend=True,alpha=1.0,s=3) # 
        ax[ii].set_title(i)

    plt.tight_layout()
    plt.subplots_adjust(wspace=-0.5)
------------------


[1;31m---------------------------------------------------------------------------[0m
[1;31mModuleNotFoundError[0m                       Traceback (most recent call last)
Cell [1;32mIn[5], line 2[0m
[0;32m      1[0m [38;5;66;03m#! pip install geopandas geoplot[39;00m
[1;32m----> 2[0m [38;5;28;01mimport[39;00m[38;5;250m [39m[38;5;21;01mgeopandas[39;00m[38;5;250m [39m[38;5;28;01mas[39;00m[38;5;250m [39m[38;5;21;01mgpd[39;00m
[0;32m      3[0m [38;5;28;01mimport[39;00m[38;5;250m [39m[38;5;21;01mgeoplot[39;00m[38;5;250m [39m[38;5;28;01mas[39;00m[38;5;250m [39m[38;5;21;01mgplt[39;00m
[0;32m      4[0m [38;5;28;01mimport[39;00m[38;5;250m [39m[38;5;21;01mgeoplot[39;00m[38;5;21;01m.[39;00m[38;5;21;01mcrs[39;00m[38;5;250m [39m[38;5;28;01mas[39;00m[38;5;250m [39m[38;5;21;01mgcrs[39;00m

[1;31mModuleNotFoundError[0m: No module named 'geopandas'

