Traceback (most recent call last):
  File "C:\Users\Miguel\anaconda3\envs\econ5129_labs\Lib\site-packages\jupyter_cache\executors\utils.py", line 58, in single_nb_execution
    executenb(
  File "C:\Users\Miguel\anaconda3\envs\econ5129_labs\Lib\site-packages\nbclient\client.py", line 1319, in execute
    return NotebookClient(nb=nb, resources=resources, km=km, **kwargs).execute()
           ^^^^^^^^^^^^^^^^^^^^^^^^^^^^^^^^^^^^^^^^^^^^^^^^^^^^^^^^^^^^^^^^^^^^^
  File "C:\Users\Miguel\anaconda3\envs\econ5129_labs\Lib\site-packages\jupyter_core\utils\__init__.py", line 165, in wrapped
    return loop.run_until_complete(inner)
           ^^^^^^^^^^^^^^^^^^^^^^^^^^^^^^
  File "C:\Users\Miguel\anaconda3\envs\econ5129_labs\Lib\asyncio\base_events.py", line 654, in run_until_complete
    return future.result()
           ^^^^^^^^^^^^^^^
  File "C:\Users\Miguel\anaconda3\envs\econ5129_labs\Lib\site-packages\nbclient\client.py", line 709, in async_execute
    await self.async_execute_cell(
  File "C:\Users\Miguel\anaconda3\envs\econ5129_labs\Lib\site-packages\nbclient\client.py", line 1062, in async_execute_cell
    await self._check_raise_for_error(cell, cell_index, exec_reply)
  File "C:\Users\Miguel\anaconda3\envs\econ5129_labs\Lib\site-packages\nbclient\client.py", line 918, in _check_raise_for_error
    raise CellExecutionError.from_cell_and_msg(cell, exec_reply_content)
nbclient.exceptions.CellExecutionError: An error occurred while executing the following cell:
------------------
import graphviz
tree_graph = tree.export_graphviz(fitted_tree, out_file=None,
                                  feature_names=["X1", "X2"],
                                  filled=True, rounded=True,
                                  special_characters=True)
display(graphviz.Source(tree_graph))
------------------


[1;31m---------------------------------------------------------------------------[0m
[1;31mModuleNotFoundError[0m                       Traceback (most recent call last)
Cell [1;32mIn[26], line 1[0m
[1;32m----> 1[0m [38;5;28;01mimport[39;00m[38;5;250m [39m[38;5;21;01mgraphviz[39;00m
[0;32m      2[0m tree_graph [38;5;241m=[39m tree[38;5;241m.[39mexport_graphviz(fitted_tree, out_file[38;5;241m=[39m[38;5;28;01mNone[39;00m,
[0;32m      3[0m                                   feature_names[38;5;241m=[39m[[38;5;124m"[39m[38;5;124mX1[39m[38;5;124m"[39m, [38;5;124m"[39m[38;5;124mX2[39m[38;5;124m"[39m],
[0;32m      4[0m                                   filled[38;5;241m=[39m[38;5;28;01mTrue[39;00m, rounded[38;5;241m=[39m[38;5;28;01mTrue[39;00m,
[0;32m      5[0m                                   special_characters[38;5;241m=[39m[38;5;28;01mTrue[39;00m)
[0;32m      6[0m display(graphviz[38;5;241m.[39mSource(tree_graph))

[1;31mModuleNotFoundError[0m: No module named 'graphviz'

