Traceback (most recent call last):
  File "C:\Users\Miguel\anaconda3\envs\econ5129_labs\Lib\site-packages\jupyter_cache\executors\utils.py", line 58, in single_nb_execution
    executenb(
  File "C:\Users\Miguel\anaconda3\envs\econ5129_labs\Lib\site-packages\nbclient\client.py", line 1319, in execute
    return NotebookClient(nb=nb, resources=resources, km=km, **kwargs).execute()
           ^^^^^^^^^^^^^^^^^^^^^^^^^^^^^^^^^^^^^^^^^^^^^^^^^^^^^^^^^^^^^^^^^^^^^
  File "C:\Users\Miguel\anaconda3\envs\econ5129_labs\Lib\site-packages\jupyter_core\utils\__init__.py", line 165, in wrapped
    return loop.run_until_complete(inner)
           ^^^^^^^^^^^^^^^^^^^^^^^^^^^^^^
  File "C:\Users\Miguel\anaconda3\envs\econ5129_labs\Lib\asyncio\base_events.py", line 654, in run_until_complete
    return future.result()
           ^^^^^^^^^^^^^^^
  File "C:\Users\Miguel\anaconda3\envs\econ5129_labs\Lib\site-packages\nbclient\client.py", line 709, in async_execute
    await self.async_execute_cell(
  File "C:\Users\Miguel\anaconda3\envs\econ5129_labs\Lib\site-packages\nbclient\client.py", line 1062, in async_execute_cell
    await self._check_raise_for_error(cell, cell_index, exec_reply)
  File "C:\Users\Miguel\anaconda3\envs\econ5129_labs\Lib\site-packages\nbclient\client.py", line 918, in _check_raise_for_error
    raise CellExecutionError.from_cell_and_msg(cell, exec_reply_content)
nbclient.exceptions.CellExecutionError: An error occurred while executing the following cell:
------------------
#!pip install pandas-datareader
#!pip install xlrd
import warnings
import requests
from skimpy import skim
import pandas as pd
import pandas_datareader as pdr
import datetime
# Turn off warnings
warnings.filterwarnings("ignore")

# Download the data from the various sources
url_1 = "https://www.newyorkfed.org/medialibrary/media/research/capital_markets/allmonth.xls"
url_2= "https://www.federalreserve.gov/econresdata/notes/feds-notes/2016/files/ebp_csv.csv"

# get the data for NBER, TS, TBill
getit = requests.get(url_1)
with open("data_nyfed.xls", "wb") as f:
    f.write(getit.content)
# load the data to working environemnt
df1 = pd.read_excel("data_nyfed.xls")

# get the data for GZ spread and EBP
getit_ = requests.get(url_2)
with open("data_ebp.csv", "wb",) as f:
    f.write(getit_.content)
df2 = pd.read_csv("data_ebp.csv")

# get the FRED-MD data (download it from Moodle and load)
# Note that I already pre-processed the data to ensure stationarity
df3 = pd.read_csv("fred_md.csv") 

# Merge the DataFrames using 'date' as the common column
df1['Date'] = pd.to_datetime(df1['Date'] )
df2['date'] = pd.to_datetime(df2['date'] )
df3['date'] = pd.to_datetime(df2['date'] )

# Extract month and year from 'Date' columns and create a new column 'MonthYear'
df1['MonthYear'] = df1['Date'].dt.strftime('%Y-%m')
df2['MonthYear'] = df2['date'].dt.strftime('%Y-%m')
df3['MonthYear'] = df3['date'].dt.strftime('%Y-%m')

# merge them all in a single DataFrame
data_all = pd.merge(df1, df2, on='MonthYear', how='inner').merge(df3, on='MonthYear', how='inner')

skim(data_all)
------------------


[1;31m---------------------------------------------------------------------------[0m
[1;31mModuleNotFoundError[0m                       Traceback (most recent call last)
Cell [1;32mIn[1], line 5[0m
[0;32m      3[0m [38;5;28;01mimport[39;00m[38;5;250m [39m[38;5;21;01mwarnings[39;00m
[0;32m      4[0m [38;5;28;01mimport[39;00m[38;5;250m [39m[38;5;21;01mrequests[39;00m
[1;32m----> 5[0m [38;5;28;01mfrom[39;00m[38;5;250m [39m[38;5;21;01mskimpy[39;00m[38;5;250m [39m[38;5;28;01mimport[39;00m skim
[0;32m      6[0m [38;5;28;01mimport[39;00m[38;5;250m [39m[38;5;21;01mpandas[39;00m[38;5;250m [39m[38;5;28;01mas[39;00m[38;5;250m [39m[38;5;21;01mpd[39;00m
[0;32m      7[0m [38;5;28;01mimport[39;00m[38;5;250m [39m[38;5;21;01mpandas_datareader[39;00m[38;5;250m [39m[38;5;28;01mas[39;00m[38;5;250m [39m[38;5;21;01mpdr[39;00m

[1;31mModuleNotFoundError[0m: No module named 'skimpy'

