Traceback (most recent call last):
  File "C:\Users\Miguel\anaconda3\envs\econ5129_labs\Lib\site-packages\jupyter_cache\executors\utils.py", line 58, in single_nb_execution
    executenb(
  File "C:\Users\Miguel\anaconda3\envs\econ5129_labs\Lib\site-packages\nbclient\client.py", line 1319, in execute
    return NotebookClient(nb=nb, resources=resources, km=km, **kwargs).execute()
           ^^^^^^^^^^^^^^^^^^^^^^^^^^^^^^^^^^^^^^^^^^^^^^^^^^^^^^^^^^^^^^^^^^^^^
  File "C:\Users\Miguel\anaconda3\envs\econ5129_labs\Lib\site-packages\jupyter_core\utils\__init__.py", line 165, in wrapped
    return loop.run_until_complete(inner)
           ^^^^^^^^^^^^^^^^^^^^^^^^^^^^^^
  File "C:\Users\Miguel\anaconda3\envs\econ5129_labs\Lib\asyncio\base_events.py", line 654, in run_until_complete
    return future.result()
           ^^^^^^^^^^^^^^^
  File "C:\Users\Miguel\anaconda3\envs\econ5129_labs\Lib\site-packages\nbclient\client.py", line 709, in async_execute
    await self.async_execute_cell(
  File "C:\Users\Miguel\anaconda3\envs\econ5129_labs\Lib\site-packages\nbclient\client.py", line 1062, in async_execute_cell
    await self._check_raise_for_error(cell, cell_index, exec_reply)
  File "C:\Users\Miguel\anaconda3\envs\econ5129_labs\Lib\site-packages\nbclient\client.py", line 918, in _check_raise_for_error
    raise CellExecutionError.from_cell_and_msg(cell, exec_reply_content)
nbclient.exceptions.CellExecutionError: An error occurred while executing the following cell:
------------------
#!pip install pycaret
from pycaret.classification import *
------------------


[1;31m---------------------------------------------------------------------------[0m
[1;31mImportError[0m                               Traceback (most recent call last)
Cell [1;32mIn[1], line 2[0m
[0;32m      1[0m [38;5;66;03m#!pip install pycaret[39;00m
[1;32m----> 2[0m [38;5;28;01mfrom[39;00m[38;5;250m [39m[38;5;21;01mpycaret[39;00m[38;5;21;01m.[39;00m[38;5;21;01mclassification[39;00m[38;5;250m [39m[38;5;28;01mimport[39;00m [38;5;241m*[39m

File [1;32mc:\Users\Miguel\anaconda3\envs\econ5129_labs\Lib\site-packages\pycaret\classification\__init__.py:1[0m
[1;32m----> 1[0m [38;5;28;01mfrom[39;00m[38;5;250m [39m[38;5;21;01mpycaret[39;00m[38;5;21;01m.[39;00m[38;5;21;01mclassification[39;00m[38;5;21;01m.[39;00m[38;5;21;01mfunctional[39;00m[38;5;250m [39m[38;5;28;01mimport[39;00m (
[0;32m      2[0m     add_metric,
[0;32m      3[0m     automl,
[0;32m      4[0m     blend_models,
[0;32m      5[0m     calibrate_model,
[0;32m      6[0m     check_drift,
[0;32m      7[0m     check_fairness,
[0;32m      8[0m     compare_models,
[0;32m      9[0m     convert_model,
[0;32m     10[0m     create_api,
[0;32m     11[0m     create_app,
[0;32m     12[0m     create_docker,
[0;32m     13[0m     create_model,
[0;32m     14[0m     dashboard,
[0;32m     15[0m     deploy_model,
[0;32m     16[0m     ensemble_model,
[0;32m     17[0m     evaluate_model,
[0;32m     18[0m     finalize_model,
[0;32m     19[0m     get_allowed_engines,
[0;32m     20[0m     get_config,
[0;32m     21[0m     get_current_experiment,
[0;32m     22[0m     get_engine,
[0;32m     23[0m     get_leaderboard,
[0;32m     24[0m     get_logs,
[0;32m     25[0m     get_metrics,
[0;32m     26[0m     interpret_model,
[0;32m     27[0m     load_experiment,
[0;32m     28[0m     load_model,
[0;32m     29[0m     models,
[0;32m     30[0m     optimize_threshold,
[0;32m     31[0m     plot_model,
[0;32m     32[0m     predict_model,
[0;32m     33[0m     pull,
[0;32m     34[0m     remove_metric,
[0;32m     35[0m     save_experiment,
[0;32m     36[0m     save_model,
[0;32m     37[0m     set_config,
[0;32m     38[0m     set_current_experiment,
[0;32m     39[0m     setup,
[0;32m     40[0m     stack_models,
[0;32m     41[0m     tune_model,
[0;32m     42[0m )
[0;32m     43[0m [38;5;28;01mfrom[39;00m[38;5;250m [39m[38;5;21;01mpycaret[39;00m[38;5;21;01m.[39;00m[38;5;21;01mclassification[39;00m[38;5;21;01m.[39;00m[38;5;21;01moop[39;00m[38;5;250m [39m[38;5;28;01mimport[39;00m ClassificationExperiment
[0;32m     45[0m __all__ [38;5;241m=[39m [
[0;32m     46[0m     [38;5;124m"[39m[38;5;124mClassificationExperiment[39m[38;5;124m"[39m,
[0;32m     47[0m     [38;5;124m"[39m[38;5;124msetup[39m[38;5;124m"[39m,
[1;32m   (...)[0m
[0;32m     86[0m     [38;5;124m"[39m[38;5;124mcheck_drift[39m[38;5;124m"[39m,
[0;32m     87[0m ]

File [1;32mc:\Users\Miguel\anaconda3\envs\econ5129_labs\Lib\site-packages\pycaret\classification\functional.py:8[0m
[0;32m      5[0m [38;5;28;01mimport[39;00m[38;5;250m [39m[38;5;21;01mpandas[39;00m[38;5;250m [39m[38;5;28;01mas[39;00m[38;5;250m [39m[38;5;21;01mpd[39;00m
[0;32m      6[0m [38;5;28;01mfrom[39;00m[38;5;250m [39m[38;5;21;01mjoblib[39;00m[38;5;21;01m.[39;00m[38;5;21;01mmemory[39;00m[38;5;250m [39m[38;5;28;01mimport[39;00m Memory
[1;32m----> 8[0m [38;5;28;01mfrom[39;00m[38;5;250m [39m[38;5;21;01mpycaret[39;00m[38;5;21;01m.[39;00m[38;5;21;01mclassification[39;00m[38;5;21;01m.[39;00m[38;5;21;01moop[39;00m[38;5;250m [39m[38;5;28;01mimport[39;00m ClassificationExperiment
[0;32m      9[0m [38;5;28;01mfrom[39;00m[38;5;250m [39m[38;5;21;01mpycaret[39;00m[38;5;21;01m.[39;00m[38;5;21;01minternal[39;00m[38;5;21;01m.[39;00m[38;5;21;01mparallel[39;00m[38;5;21;01m.[39;00m[38;5;21;01mparallel_backend[39;00m[38;5;250m [39m[38;5;28;01mimport[39;00m ParallelBackend
[0;32m     10[0m [38;5;28;01mfrom[39;00m[38;5;250m [39m[38;5;21;01mpycaret[39;00m[38;5;21;01m.[39;00m[38;5;21;01mloggers[39;00m[38;5;21;01m.[39;00m[38;5;21;01mbase_logger[39;00m[38;5;250m [39m[38;5;28;01mimport[39;00m BaseLogger

File [1;32mc:\Users\Miguel\anaconda3\envs\econ5129_labs\Lib\site-packages\pycaret\classification\oop.py:16[0m
[0;32m     13[0m [38;5;28;01mfrom[39;00m[38;5;250m [39m[38;5;21;01mjoblib[39;00m[38;5;21;01m.[39;00m[38;5;21;01mmemory[39;00m[38;5;250m [39m[38;5;28;01mimport[39;00m Memory
[0;32m     14[0m [38;5;28;01mfrom[39;00m[38;5;250m [39m[38;5;21;01mscipy[39;00m[38;5;21;01m.[39;00m[38;5;21;01moptimize[39;00m[38;5;250m [39m[38;5;28;01mimport[39;00m shgo
[1;32m---> 16[0m [38;5;28;01mfrom[39;00m[38;5;250m [39m[38;5;21;01mpycaret[39;00m[38;5;21;01m.[39;00m[38;5;21;01mcontainers[39;00m[38;5;21;01m.[39;00m[38;5;21;01mmetrics[39;00m[38;5;21;01m.[39;00m[38;5;21;01mclassification[39;00m[38;5;250m [39m[38;5;28;01mimport[39;00m get_all_metric_containers
[0;32m     17[0m [38;5;28;01mfrom[39;00m[38;5;250m [39m[38;5;21;01mpycaret[39;00m[38;5;21;01m.[39;00m[38;5;21;01mcontainers[39;00m[38;5;21;01m.[39;00m[38;5;21;01mmodels[39;00m[38;5;21;01m.[39;00m[38;5;21;01mclassification[39;00m[38;5;250m [39m[38;5;28;01mimport[39;00m (
[0;32m     18[0m     ALL_ALLOWED_ENGINES,
[0;32m     19[0m     get_all_model_containers,
[0;32m     20[0m     get_container_default_engines,
[0;32m     21[0m )
[0;32m     22[0m [38;5;28;01mfrom[39;00m[38;5;250m [39m[38;5;21;01mpycaret[39;00m[38;5;21;01m.[39;00m[38;5;21;01minternal[39;00m[38;5;21;01m.[39;00m[38;5;21;01mdisplay[39;00m[38;5;250m [39m[38;5;28;01mimport[39;00m CommonDisplay

File [1;32mc:\Users\Miguel\anaconda3\envs\econ5129_labs\Lib\site-packages\pycaret\containers\metrics\classification.py:19[0m
[0;32m     16[0m [38;5;28;01mfrom[39;00m[38;5;250m [39m[38;5;21;01msklearn[39;00m[38;5;250m [39m[38;5;28;01mimport[39;00m metrics
[0;32m     17[0m [38;5;28;01mfrom[39;00m[38;5;250m [39m[38;5;21;01msklearn[39;00m[38;5;21;01m.[39;00m[38;5;21;01mmetrics[39;00m[38;5;21;01m.[39;00m[38;5;21;01m_scorer[39;00m[38;5;250m [39m[38;5;28;01mimport[39;00m _BaseScorer
[1;32m---> 19[0m [38;5;28;01mimport[39;00m[38;5;250m [39m[38;5;21;01mpycaret[39;00m[38;5;21;01m.[39;00m[38;5;21;01mcontainers[39;00m[38;5;21;01m.[39;00m[38;5;21;01mbase_container[39;00m
[0;32m     20[0m [38;5;28;01mimport[39;00m[38;5;250m [39m[38;5;21;01mpycaret[39;00m[38;5;21;01m.[39;00m[38;5;21;01minternal[39;00m[38;5;21;01m.[39;00m[38;5;21;01mmetrics[39;00m
[0;32m     21[0m [38;5;28;01mfrom[39;00m[38;5;250m [39m[38;5;21;01mpycaret[39;00m[38;5;21;01m.[39;00m[38;5;21;01mcontainers[39;00m[38;5;21;01m.[39;00m[38;5;21;01mmetrics[39;00m[38;5;21;01m.[39;00m[38;5;21;01mbase_metric[39;00m[38;5;250m [39m[38;5;28;01mimport[39;00m MetricContainer

File [1;32mc:\Users\Miguel\anaconda3\envs\econ5129_labs\Lib\site-packages\pycaret\containers\base_container.py:8[0m
[0;32m      5[0m [38;5;28;01mimport[39;00m[38;5;250m [39m[38;5;21;01minspect[39;00m
[0;32m      6[0m [38;5;28;01mfrom[39;00m[38;5;250m [39m[38;5;21;01mtyping[39;00m[38;5;250m [39m[38;5;28;01mimport[39;00m Any, Dict, Optional
[1;32m----> 8[0m [38;5;28;01mimport[39;00m[38;5;250m [39m[38;5;21;01mpycaret[39;00m[38;5;21;01m.[39;00m[38;5;21;01mutils[39;00m[38;5;21;01m.[39;00m[38;5;21;01mgeneric[39;00m
[0;32m     11[0m [38;5;28;01mclass[39;00m[38;5;250m [39m[38;5;21;01mBaseContainer[39;00m:
[0;32m     12[0m [38;5;250m    [39m[38;5;124;03m"""[39;00m
[0;32m     13[0m [38;5;124;03m    Base container class, for easier definition of containers. Ensures consistent format[39;00m
[0;32m     14[0m [38;5;124;03m    before being turned into a dataframe row.[39;00m
[1;32m   (...)[0m
[0;32m     41[0m 
[0;32m     42[0m [38;5;124;03m    """[39;00m

File [1;32mc:\Users\Miguel\anaconda3\envs\econ5129_labs\Lib\site-packages\pycaret\utils\generic.py:15[0m
[0;32m     13[0m [38;5;28;01mfrom[39;00m[38;5;250m [39m[38;5;21;01mscipy[39;00m[38;5;250m [39m[38;5;28;01mimport[39;00m sparse
[0;32m     14[0m [38;5;28;01mfrom[39;00m[38;5;250m [39m[38;5;21;01msklearn[39;00m[38;5;21;01m.[39;00m[38;5;21;01mmetrics[39;00m[38;5;250m [39m[38;5;28;01mimport[39;00m get_scorer
[1;32m---> 15[0m [38;5;28;01mfrom[39;00m[38;5;250m [39m[38;5;21;01msklearn[39;00m[38;5;21;01m.[39;00m[38;5;21;01mmetrics[39;00m[38;5;21;01m.[39;00m[38;5;21;01m_scorer[39;00m[38;5;250m [39m[38;5;28;01mimport[39;00m _Scorer
[0;32m     16[0m [38;5;28;01mfrom[39;00m[38;5;250m [39m[38;5;21;01msklearn[39;00m[38;5;21;01m.[39;00m[38;5;21;01mmodel_selection[39;00m[38;5;250m [39m[38;5;28;01mimport[39;00m BaseCrossValidator, KFold, StratifiedKFold
[0;32m     17[0m [38;5;28;01mfrom[39;00m[38;5;250m [39m[38;5;21;01msklearn[39;00m[38;5;21;01m.[39;00m[38;5;21;01mmodel_selection[39;00m[38;5;21;01m.[39;00m[38;5;21;01m_split[39;00m[38;5;250m [39m[38;5;28;01mimport[39;00m _BaseKFold

[1;31mImportError[0m: cannot import name '_Scorer' from 'sklearn.metrics._scorer' (c:\Users\Miguel\anaconda3\envs\econ5129_labs\Lib\site-packages\sklearn\metrics\_scorer.py)

