Traceback (most recent call last):
  File "C:\Users\Miguel\anaconda3\Lib\site-packages\jupyter_cache\executors\utils.py", line 58, in single_nb_execution
    executenb(
  File "C:\Users\Miguel\anaconda3\Lib\site-packages\nbclient\client.py", line 1204, in execute
    return NotebookClient(nb=nb, resources=resources, km=km, **kwargs).execute()
           ^^^^^^^^^^^^^^^^^^^^^^^^^^^^^^^^^^^^^^^^^^^^^^^^^^^^^^^^^^^^^^^^^^^^^
  File "C:\Users\Miguel\anaconda3\Lib\site-packages\nbclient\util.py", line 84, in wrapped
    return just_run(coro(*args, **kwargs))
           ^^^^^^^^^^^^^^^^^^^^^^^^^^^^^^^
  File "C:\Users\Miguel\anaconda3\Lib\site-packages\nbclient\util.py", line 62, in just_run
    return loop.run_until_complete(coro)
           ^^^^^^^^^^^^^^^^^^^^^^^^^^^^^
  File "C:\Users\Miguel\anaconda3\Lib\asyncio\base_events.py", line 653, in run_until_complete
    return future.result()
           ^^^^^^^^^^^^^^^
  File "C:\Users\Miguel\anaconda3\Lib\site-packages\nbclient\client.py", line 663, in async_execute
    await self.async_execute_cell(
  File "C:\Users\Miguel\anaconda3\Lib\site-packages\nbclient\client.py", line 965, in async_execute_cell
    await self._check_raise_for_error(cell, cell_index, exec_reply)
  File "C:\Users\Miguel\anaconda3\Lib\site-packages\nbclient\client.py", line 862, in _check_raise_for_error
    raise CellExecutionError.from_cell_and_msg(cell, exec_reply_content)
nbclient.exceptions.CellExecutionError: An error occurred while executing the following cell:
------------------
# Make predictions
y_pred = KNN_cv.predict(X_test.values) # <-- watch out for this: Knn assumes X is an numpy array in older versions of sklearn

# Evaluate the model
accuracy = accuracy_score(y_test, y_pred)
confusion = confusion_matrix(y_test, y_pred)
report = classification_report(y_test, y_pred)

print(f'Accuracy: {accuracy}')
print(f'Confusion Matrix:\n{confusion}')
print(f'Classification Report:\n{report}')

------------------

[1;31m---------------------------------------------------------------------------[0m
[1;31mAttributeError[0m                            Traceback (most recent call last)
Cell [1;32mIn[7], line 2[0m
[0;32m      1[0m [38;5;66;03m# Make predictions[39;00m
[1;32m----> 2[0m y_pred [38;5;241m=[39m KNN_cv[38;5;241m.[39mpredict(X_test[38;5;241m.[39mvalues) [38;5;66;03m# <-- watch out for this: Knn assumes X is an numpy array in older versions of sklearn[39;00m
[0;32m      4[0m [38;5;66;03m# Evaluate the model[39;00m
[0;32m      5[0m accuracy [38;5;241m=[39m accuracy_score(y_test, y_pred)

File [1;32m~\anaconda3\Lib\site-packages\sklearn\model_selection\_search.py:499[0m, in [0;36mBaseSearchCV.predict[1;34m(self, X)[0m
[0;32m    481[0m [38;5;250m[39m[38;5;124;03m"""Call predict on the estimator with the best found parameters.[39;00m
[0;32m    482[0m 
[0;32m    483[0m [38;5;124;03mOnly available if ``refit=True`` and the underlying estimator supports[39;00m
[1;32m   (...)[0m
[0;32m    496[0m [38;5;124;03m    the best found parameters.[39;00m
[0;32m    497[0m [38;5;124;03m"""[39;00m
[0;32m    498[0m check_is_fitted([38;5;28mself[39m)
[1;32m--> 499[0m [38;5;28;01mreturn[39;00m [38;5;28mself[39m[38;5;241m.[39mbest_estimator_[38;5;241m.[39mpredict(X)

File [1;32m~\anaconda3\Lib\site-packages\sklearn\neighbors\_classification.py:234[0m, in [0;36mKNeighborsClassifier.predict[1;34m(self, X)[0m
[0;32m    218[0m [38;5;250m[39m[38;5;124;03m"""Predict the class labels for the provided data.[39;00m
[0;32m    219[0m 
[0;32m    220[0m [38;5;124;03mParameters[39;00m
[1;32m   (...)[0m
[0;32m    229[0m [38;5;124;03m    Class labels for each data sample.[39;00m
[0;32m    230[0m [38;5;124;03m"""[39;00m
[0;32m    231[0m [38;5;28;01mif[39;00m [38;5;28mself[39m[38;5;241m.[39mweights [38;5;241m==[39m [38;5;124m"[39m[38;5;124muniform[39m[38;5;124m"[39m:
[0;32m    232[0m     [38;5;66;03m# In that case, we do not need the distances to perform[39;00m
[0;32m    233[0m     [38;5;66;03m# the weighting so we do not compute them.[39;00m
[1;32m--> 234[0m     neigh_ind [38;5;241m=[39m [38;5;28mself[39m[38;5;241m.[39mkneighbors(X, return_distance[38;5;241m=[39m[38;5;28;01mFalse[39;00m)
[0;32m    235[0m     neigh_dist [38;5;241m=[39m [38;5;28;01mNone[39;00m
[0;32m    236[0m [38;5;28;01melse[39;00m:

File [1;32m~\anaconda3\Lib\site-packages\sklearn\neighbors\_base.py:824[0m, in [0;36mKNeighborsMixin.kneighbors[1;34m(self, X, n_neighbors, return_distance)[0m
[0;32m    817[0m use_pairwise_distances_reductions [38;5;241m=[39m (
[0;32m    818[0m     [38;5;28mself[39m[38;5;241m.[39m_fit_method [38;5;241m==[39m [38;5;124m"[39m[38;5;124mbrute[39m[38;5;124m"[39m
[0;32m    819[0m     [38;5;129;01mand[39;00m ArgKmin[38;5;241m.[39mis_usable_for(
[0;32m    820[0m         X [38;5;28;01mif[39;00m X [38;5;129;01mis[39;00m [38;5;129;01mnot[39;00m [38;5;28;01mNone[39;00m [38;5;28;01melse[39;00m [38;5;28mself[39m[38;5;241m.[39m_fit_X, [38;5;28mself[39m[38;5;241m.[39m_fit_X, [38;5;28mself[39m[38;5;241m.[39meffective_metric_
[0;32m    821[0m     )
[0;32m    822[0m )
[0;32m    823[0m [38;5;28;01mif[39;00m use_pairwise_distances_reductions:
[1;32m--> 824[0m     results [38;5;241m=[39m ArgKmin[38;5;241m.[39mcompute(
[0;32m    825[0m         X[38;5;241m=[39mX,
[0;32m    826[0m         Y[38;5;241m=[39m[38;5;28mself[39m[38;5;241m.[39m_fit_X,
[0;32m    827[0m         k[38;5;241m=[39mn_neighbors,
[0;32m    828[0m         metric[38;5;241m=[39m[38;5;28mself[39m[38;5;241m.[39meffective_metric_,
[0;32m    829[0m         metric_kwargs[38;5;241m=[39m[38;5;28mself[39m[38;5;241m.[39meffective_metric_params_,
[0;32m    830[0m         strategy[38;5;241m=[39m[38;5;124m"[39m[38;5;124mauto[39m[38;5;124m"[39m,
[0;32m    831[0m         return_distance[38;5;241m=[39mreturn_distance,
[0;32m    832[0m     )
[0;32m    834[0m [38;5;28;01melif[39;00m (
[0;32m    835[0m     [38;5;28mself[39m[38;5;241m.[39m_fit_method [38;5;241m==[39m [38;5;124m"[39m[38;5;124mbrute[39m[38;5;124m"[39m [38;5;129;01mand[39;00m [38;5;28mself[39m[38;5;241m.[39mmetric [38;5;241m==[39m [38;5;124m"[39m[38;5;124mprecomputed[39m[38;5;124m"[39m [38;5;129;01mand[39;00m issparse(X)
[0;32m    836[0m ):
[0;32m    837[0m     results [38;5;241m=[39m _kneighbors_from_graph(
[0;32m    838[0m         X, n_neighbors[38;5;241m=[39mn_neighbors, return_distance[38;5;241m=[39mreturn_distance
[0;32m    839[0m     )

File [1;32m~\anaconda3\Lib\site-packages\sklearn\metrics\_pairwise_distances_reduction\_dispatcher.py:277[0m, in [0;36mArgKmin.compute[1;34m(cls, X, Y, k, metric, chunk_size, metric_kwargs, strategy, return_distance)[0m
[0;32m    196[0m [38;5;250m[39m[38;5;124;03m"""Compute the argkmin reduction.[39;00m
[0;32m    197[0m 
[0;32m    198[0m [38;5;124;03mParameters[39;00m
[1;32m   (...)[0m
[0;32m    274[0m [38;5;124;03mreturns.[39;00m
[0;32m    275[0m [38;5;124;03m"""[39;00m
[0;32m    276[0m [38;5;28;01mif[39;00m X[38;5;241m.[39mdtype [38;5;241m==[39m Y[38;5;241m.[39mdtype [38;5;241m==[39m np[38;5;241m.[39mfloat64:
[1;32m--> 277[0m     [38;5;28;01mreturn[39;00m ArgKmin64[38;5;241m.[39mcompute(
[0;32m    278[0m         X[38;5;241m=[39mX,
[0;32m    279[0m         Y[38;5;241m=[39mY,
[0;32m    280[0m         k[38;5;241m=[39mk,
[0;32m    281[0m         metric[38;5;241m=[39mmetric,
[0;32m    282[0m         chunk_size[38;5;241m=[39mchunk_size,
[0;32m    283[0m         metric_kwargs[38;5;241m=[39mmetric_kwargs,
[0;32m    284[0m         strategy[38;5;241m=[39mstrategy,
[0;32m    285[0m         return_distance[38;5;241m=[39mreturn_distance,
[0;32m    286[0m     )
[0;32m    288[0m [38;5;28;01mif[39;00m X[38;5;241m.[39mdtype [38;5;241m==[39m Y[38;5;241m.[39mdtype [38;5;241m==[39m np[38;5;241m.[39mfloat32:
[0;32m    289[0m     [38;5;28;01mreturn[39;00m ArgKmin32[38;5;241m.[39mcompute(
[0;32m    290[0m         X[38;5;241m=[39mX,
[0;32m    291[0m         Y[38;5;241m=[39mY,
[1;32m   (...)[0m
[0;32m    297[0m         return_distance[38;5;241m=[39mreturn_distance,
[0;32m    298[0m     )

File [1;32msklearn\metrics\_pairwise_distances_reduction\_argkmin.pyx:95[0m, in [0;36msklearn.metrics._pairwise_distances_reduction._argkmin.ArgKmin64.compute[1;34m()[0m

File [1;32m~\anaconda3\Lib\site-packages\sklearn\utils\fixes.py:139[0m, in [0;36mthreadpool_limits[1;34m(limits, user_api)[0m
[0;32m    137[0m     [38;5;28;01mreturn[39;00m controller[38;5;241m.[39mlimit(limits[38;5;241m=[39mlimits, user_api[38;5;241m=[39muser_api)
[0;32m    138[0m [38;5;28;01melse[39;00m:
[1;32m--> 139[0m     [38;5;28;01mreturn[39;00m threadpoolctl[38;5;241m.[39mthreadpool_limits(limits[38;5;241m=[39mlimits, user_api[38;5;241m=[39muser_api)

File [1;32m~\anaconda3\Lib\site-packages\threadpoolctl.py:171[0m, in [0;36mthreadpool_limits.__init__[1;34m(self, limits, user_api)[0m
[0;32m    167[0m [38;5;28;01mdef[39;00m [38;5;21m__init__[39m([38;5;28mself[39m, limits[38;5;241m=[39m[38;5;28;01mNone[39;00m, user_api[38;5;241m=[39m[38;5;28;01mNone[39;00m):
[0;32m    168[0m     [38;5;28mself[39m[38;5;241m.[39m_limits, [38;5;28mself[39m[38;5;241m.[39m_user_api, [38;5;28mself[39m[38;5;241m.[39m_prefixes [38;5;241m=[39m \
[0;32m    169[0m         [38;5;28mself[39m[38;5;241m.[39m_check_params(limits, user_api)
[1;32m--> 171[0m     [38;5;28mself[39m[38;5;241m.[39m_original_info [38;5;241m=[39m [38;5;28mself[39m[38;5;241m.[39m_set_threadpool_limits()

File [1;32m~\anaconda3\Lib\site-packages\threadpoolctl.py:268[0m, in [0;36mthreadpool_limits._set_threadpool_limits[1;34m(self)[0m
[0;32m    265[0m [38;5;28;01mif[39;00m [38;5;28mself[39m[38;5;241m.[39m_limits [38;5;129;01mis[39;00m [38;5;28;01mNone[39;00m:
[0;32m    266[0m     [38;5;28;01mreturn[39;00m [38;5;28;01mNone[39;00m
[1;32m--> 268[0m modules [38;5;241m=[39m _ThreadpoolInfo(prefixes[38;5;241m=[39m[38;5;28mself[39m[38;5;241m.[39m_prefixes,
[0;32m    269[0m                           user_api[38;5;241m=[39m[38;5;28mself[39m[38;5;241m.[39m_user_api)
[0;32m    270[0m [38;5;28;01mfor[39;00m module [38;5;129;01min[39;00m modules:
[0;32m    271[0m     [38;5;66;03m# self._limits is a dict {key: num_threads} where key is either[39;00m
[0;32m    272[0m     [38;5;66;03m# a prefix or a user_api. If a module matches both, the limit[39;00m
[0;32m    273[0m     [38;5;66;03m# corresponding to the prefix is chosed.[39;00m
[0;32m    274[0m     [38;5;28;01mif[39;00m module[38;5;241m.[39mprefix [38;5;129;01min[39;00m [38;5;28mself[39m[38;5;241m.[39m_limits:

File [1;32m~\anaconda3\Lib\site-packages\threadpoolctl.py:340[0m, in [0;36m_ThreadpoolInfo.__init__[1;34m(self, user_api, prefixes, modules)[0m
[0;32m    337[0m     [38;5;28mself[39m[38;5;241m.[39muser_api [38;5;241m=[39m [] [38;5;28;01mif[39;00m user_api [38;5;129;01mis[39;00m [38;5;28;01mNone[39;00m [38;5;28;01melse[39;00m user_api
[0;32m    339[0m     [38;5;28mself[39m[38;5;241m.[39mmodules [38;5;241m=[39m []
[1;32m--> 340[0m     [38;5;28mself[39m[38;5;241m.[39m_load_modules()
[0;32m    341[0m     [38;5;28mself[39m[38;5;241m.[39m_warn_if_incompatible_openmp()
[0;32m    342[0m [38;5;28;01melse[39;00m:

File [1;32m~\anaconda3\Lib\site-packages\threadpoolctl.py:373[0m, in [0;36m_ThreadpoolInfo._load_modules[1;34m(self)[0m
[0;32m    371[0m     [38;5;28mself[39m[38;5;241m.[39m_find_modules_with_dyld()
[0;32m    372[0m [38;5;28;01melif[39;00m sys[38;5;241m.[39mplatform [38;5;241m==[39m [38;5;124m"[39m[38;5;124mwin32[39m[38;5;124m"[39m:
[1;32m--> 373[0m     [38;5;28mself[39m[38;5;241m.[39m_find_modules_with_enum_process_module_ex()
[0;32m    374[0m [38;5;28;01melse[39;00m:
[0;32m    375[0m     [38;5;28mself[39m[38;5;241m.[39m_find_modules_with_dl_iterate_phdr()

File [1;32m~\anaconda3\Lib\site-packages\threadpoolctl.py:485[0m, in [0;36m_ThreadpoolInfo._find_modules_with_enum_process_module_ex[1;34m(self)[0m
[0;32m    482[0m         filepath [38;5;241m=[39m buf[38;5;241m.[39mvalue
[0;32m    484[0m         [38;5;66;03m# Store the module if it is supported and selected[39;00m
[1;32m--> 485[0m         [38;5;28mself[39m[38;5;241m.[39m_make_module_from_path(filepath)
[0;32m    486[0m [38;5;28;01mfinally[39;00m:
[0;32m    487[0m     kernel_32[38;5;241m.[39mCloseHandle(h_process)

File [1;32m~\anaconda3\Lib\site-packages\threadpoolctl.py:515[0m, in [0;36m_ThreadpoolInfo._make_module_from_path[1;34m(self, filepath)[0m
[0;32m    513[0m [38;5;28;01mif[39;00m prefix [38;5;129;01min[39;00m [38;5;28mself[39m[38;5;241m.[39mprefixes [38;5;129;01mor[39;00m user_api [38;5;129;01min[39;00m [38;5;28mself[39m[38;5;241m.[39muser_api:
[0;32m    514[0m     module_class [38;5;241m=[39m [38;5;28mglobals[39m()[module_class]
[1;32m--> 515[0m     module [38;5;241m=[39m module_class(filepath, prefix, user_api, internal_api)
[0;32m    516[0m     [38;5;28mself[39m[38;5;241m.[39mmodules[38;5;241m.[39mappend(module)

File [1;32m~\anaconda3\Lib\site-packages\threadpoolctl.py:606[0m, in [0;36m_Module.__init__[1;34m(self, filepath, prefix, user_api, internal_api)[0m
[0;32m    604[0m [38;5;28mself[39m[38;5;241m.[39minternal_api [38;5;241m=[39m internal_api
[0;32m    605[0m [38;5;28mself[39m[38;5;241m.[39m_dynlib [38;5;241m=[39m ctypes[38;5;241m.[39mCDLL(filepath, mode[38;5;241m=[39m_RTLD_NOLOAD)
[1;32m--> 606[0m [38;5;28mself[39m[38;5;241m.[39mversion [38;5;241m=[39m [38;5;28mself[39m[38;5;241m.[39mget_version()
[0;32m    607[0m [38;5;28mself[39m[38;5;241m.[39mnum_threads [38;5;241m=[39m [38;5;28mself[39m[38;5;241m.[39mget_num_threads()
[0;32m    608[0m [38;5;28mself[39m[38;5;241m.[39m_get_extra_info()

File [1;32m~\anaconda3\Lib\site-packages\threadpoolctl.py:646[0m, in [0;36m_OpenBLASModule.get_version[1;34m(self)[0m
[0;32m    643[0m get_config [38;5;241m=[39m [38;5;28mgetattr[39m([38;5;28mself[39m[38;5;241m.[39m_dynlib, [38;5;124m"[39m[38;5;124mopenblas_get_config[39m[38;5;124m"[39m,
[0;32m    644[0m                      [38;5;28;01mlambda[39;00m: [38;5;28;01mNone[39;00m)
[0;32m    645[0m get_config[38;5;241m.[39mrestype [38;5;241m=[39m ctypes[38;5;241m.[39mc_char_p
[1;32m--> 646[0m config [38;5;241m=[39m get_config()[38;5;241m.[39msplit()
[0;32m    647[0m [38;5;28;01mif[39;00m config[[38;5;241m0[39m] [38;5;241m==[39m [38;5;124mb[39m[38;5;124m"[39m[38;5;124mOpenBLAS[39m[38;5;124m"[39m:
[0;32m    648[0m     [38;5;28;01mreturn[39;00m config[[38;5;241m1[39m][38;5;241m.[39mdecode([38;5;124m"[39m[38;5;124mutf-8[39m[38;5;124m"[39m)

[1;31mAttributeError[0m: 'NoneType' object has no attribute 'split'
AttributeError: 'NoneType' object has no attribute 'split'

