Traceback (most recent call last):
  File "C:\Users\Miguel\anaconda3\envs\econ5129_labs\Lib\site-packages\jupyter_cache\executors\utils.py", line 58, in single_nb_execution
    executenb(
  File "C:\Users\Miguel\anaconda3\envs\econ5129_labs\Lib\site-packages\nbclient\client.py", line 1319, in execute
    return NotebookClient(nb=nb, resources=resources, km=km, **kwargs).execute()
           ^^^^^^^^^^^^^^^^^^^^^^^^^^^^^^^^^^^^^^^^^^^^^^^^^^^^^^^^^^^^^^^^^^^^^
  File "C:\Users\Miguel\anaconda3\envs\econ5129_labs\Lib\site-packages\jupyter_core\utils\__init__.py", line 165, in wrapped
    return loop.run_until_complete(inner)
           ^^^^^^^^^^^^^^^^^^^^^^^^^^^^^^
  File "C:\Users\Miguel\anaconda3\envs\econ5129_labs\Lib\asyncio\base_events.py", line 654, in run_until_complete
    return future.result()
           ^^^^^^^^^^^^^^^
  File "C:\Users\Miguel\anaconda3\envs\econ5129_labs\Lib\site-packages\nbclient\client.py", line 709, in async_execute
    await self.async_execute_cell(
  File "C:\Users\Miguel\anaconda3\envs\econ5129_labs\Lib\site-packages\nbclient\client.py", line 1062, in async_execute_cell
    await self._check_raise_for_error(cell, cell_index, exec_reply)
  File "C:\Users\Miguel\anaconda3\envs\econ5129_labs\Lib\site-packages\nbclient\client.py", line 918, in _check_raise_for_error
    raise CellExecutionError.from_cell_and_msg(cell, exec_reply_content)
nbclient.exceptions.CellExecutionError: An error occurred while executing the following cell:
------------------
import pandas as pd
import matplotlib.pyplot as plt
from fredapi import Fred
fred = Fred(api_key='insert your api key here')
seriesid = ['FRBATLWGT12MMUMHGO',	'FRBATLWGT12MMUMHWGILH']
data = pd.DataFrame()
for j in range(0,len(seriesid)):
    data_j = fred.get_series(seriesid[j])
    data[seriesid[j]] = data_j


# Create a plot
fig, ax = plt.subplots()

# Plot the first line (dashed and red)
ax.plot(data.index, data['FRBATLWGT12MMUMHGO'], linestyle='--', color='red', label='Hourly wage growth')

# Plot the second line (solid and black)
ax.plot(data.index, data['FRBATLWGT12MMUMHWGILH'], linestyle='-', color='black', label='Hourly wage growth (Leisure & Hospitality)')

# Add labels and a legend
ax.set_xlabel('time')
ax.set_ylabel('pp.')
ax.set_title('Wage growth Leisure vs. Overall')
ax.legend()

# Show the plot
plt.show()
------------------


[1;31m---------------------------------------------------------------------------[0m
[1;31mModuleNotFoundError[0m                       Traceback (most recent call last)
Cell [1;32mIn[11], line 3[0m
[0;32m      1[0m [38;5;28;01mimport[39;00m[38;5;250m [39m[38;5;21;01mpandas[39;00m[38;5;250m [39m[38;5;28;01mas[39;00m[38;5;250m [39m[38;5;21;01mpd[39;00m
[0;32m      2[0m [38;5;28;01mimport[39;00m[38;5;250m [39m[38;5;21;01mmatplotlib[39;00m[38;5;21;01m.[39;00m[38;5;21;01mpyplot[39;00m[38;5;250m [39m[38;5;28;01mas[39;00m[38;5;250m [39m[38;5;21;01mplt[39;00m
[1;32m----> 3[0m [38;5;28;01mfrom[39;00m[38;5;250m [39m[38;5;21;01mfredapi[39;00m[38;5;250m [39m[38;5;28;01mimport[39;00m Fred
[0;32m      4[0m fred [38;5;241m=[39m Fred(api_key[38;5;241m=[39m[38;5;124m'[39m[38;5;124minsert your api key here[39m[38;5;124m'[39m)
[0;32m      5[0m seriesid [38;5;241m=[39m [[38;5;124m'[39m[38;5;124mFRBATLWGT12MMUMHGO[39m[38;5;124m'[39m,	[38;5;124m'[39m[38;5;124mFRBATLWGT12MMUMHWGILH[39m[38;5;124m'[39m]

[1;31mModuleNotFoundError[0m: No module named 'fredapi'

